---
source: crates/heterion-router-providers/src/registry.rs
expression: ids
---
[
    "adapta-web",
    "agentrouter",
    "agnes",
    "agnes-cn",
    "agy",
    "ai21",
    "aihorde",
    "aimlapi",
    "ainative",
    "aion",
    "alibaba",
    "alibaba-cn",
    "ant-ling",
    "anthropic",
    "antigravity",
    "anyapi",
    "api-airforce",
    "arcee-ai",
    "auggie",
    "auriko",
    "bai",
    "baichuan",
    "baidu",
    "bailian-coding-plan",
    "baseten",
    "bazaarlink",
    "bedrock",
    "blackbox",
    "blackbox-web",
    "bluesminds",
    "byteplus",
    "bytez",
    "cerebras",
    "charm-hyper",
    "chat-oripe",
    "chatanywhere",
    "chatgpt-web",
    "chatgpt-web-codex",
    "cheaperinference",
    "chenzk",
    "chipotle",
    "chutes",
    "claude",
    "claude-web",
    "cline",
    "clinepass",
    "cloudcode-one",
    "cloudflare-ai",
    "cloudflare-playground",
    "clova-studio",
    "codebuddy-cn",
    "codestral",
    "codex",
    "codex-app-server",
    "cohere",
    "command-code",
    "conol-web",
    "copilot-m365-web",
    "copilot-web",
    "coze",
    "crof",
    "cursor",
    "cursor-api",
    "dahl",
    "databricks",
    "deepai",
    "deepinfra",
    "deepseek",
    "deepseek-web",
    "devin-cli",
    "devin-cli-agentic",
    "devin-desktop",
    "dgrid",
    "dify",
    "digitalocean",
    "dit",
    "doubao",
    "doubao-web",
    "duckduckgo-web",
    "dxnt",
    "electronhub",
    "eurouter",
    "factory",
    "fastrouter",
    "featherless-ai",
    "fireworks",
    "free-ai",
    "freeaiapikey",
    "freebuff",
    "freeinference",
    "freemodel-dev",
    "freetheai",
    "friendliai",
    "g4f-gemini",
    "g4f-groq",
    "g4f-nvidia",
    "g4f-ollama",
    "g4f-pollinations",
    "galadriel",
    "gemini",
    "gemini-business",
    "gemini-web",
    "ghe-copilot",
    "gigachat",
    "github",
    "gitlab-duo",
    "gitlawb",
    "gitlawb-gmi",
    "glm",
    "glm-cn",
    "glmt",
    "greenpt",
    "grok-cli",
    "grok-web",
    "groq",
    "haiper",
    "hcnsec",
    "helixmind",
    "helyxai",
    "heroku",
    "huggingchat",
    "huggingface",
    "hyperagent",
    "hyperbolic",
    "ideogram",
    "iflytek",
    "inception",
    "inference-net",
    "inner-ai",
    "internlm",
    "kenari",
    "kie",
    "kilo-gateway",
    "kilocode",
    "kimi",
    "kimi-coding",
    "kimi-coding-apikey",
    "kimi-web",
    "kiro",
    "lambda-ai",
    "leonardo",
    "liquid",
    "literouter",
    "llamagate",
    "llm-kiwi",
    "llm7",
    "llmgateway",
    "lmarena",
    "logfare",
    "longcat",
    "maritalk",
    "maxai",
    "meganova-ai",
    "meta-llama",
    "minimax",
    "minimax-cn",
    "mistral",
    "mixlayer",
    "mlx-gemma",
    "mlx-qwen",
    "mnn-ai",
    "modal",
    "modelscope",
    "monsterapi",
    "moonshot",
    "morph",
    "muse-code",
    "muse-spark-web",
    "naga-ac",
    "naga-ai",
    "nanogpt",
    "nara",
    "navy",
    "nebius",
    "nlpcloud",
    "notion-web",
    "nous-research",
    "novita",
    "nscale",
    "nube",
    "nvidia",
    "ofoxai",
    "ollama-cloud",
    "oneminai",
    "openadapter",
    "openai",
    "opencode",
    "opencode-go",
    "opencode-zen",
    "openference",
    "openference-api",
    "openrouter",
    "openvecta",
    "opper",
    "orcarouter",
    "ovhcloud",
    "perplexity",
    "perplexity-agent",
    "perplexity-web",
    "pioneer",
    "plamo",
    "poe",
    "poixe-ai",
    "pollinations",
    "poolside",
    "predibase",
    "promptql",
    "publicai",
    "qianfan",
    "qiniu",
    "qoder",
    "qwen-cloud",
    "qwen-cloud-token-plan",
    "regolo",
    "reka",
    "requesty",
    "routeway",
    "sambanova",
    "sarvam",
    "scaleway",
    "sealion",
    "seekai",
    "sensenova",
    "siliconflow",
    "snowflake",
    "sparkdesk",
    "speka",
    "stepfun",
    "sumopod",
    "suno",
    "synthetic",
    "t3-web",
    "tabitoken",
    "tencent",
    "tencent-aistudio-web",
    "tinycms-web",
    "together",
    "token-kiosk",
    "tokenreply",
    "tokenrouter",
    "trae",
    "typhoon",
    "uc",
    "uc-direct",
    "udio",
    "uncloseai",
    "unorouter",
    "upstage",
    "v0-vercel",
    "venice",
    "veoaifree-web",
    "vercel-ai-gateway",
    "vertex",
    "vertex-partner",
    "void-ai",
    "volcengine",
    "volcengine-agent-plan",
    "volcengine-coding-plan",
    "wafer",
    "wandb",
    "writer",
    "x5lab",
    "xai",
    "xai-oauth",
    "xiaomi-mimo",
    "xiaomi-mimo-token-plan",
    "yi",
    "yolo-auto",
    "yuanbao-web",
    "zai",
    "zai-web",
    "zcode",
    "zed-hosted",
    "zenmux",
    "zenmux-free",
    "zerolimitai",
    "zylo-api",
]
